C51 COMPILER V9.60.7.0   PASS_WD                                                           07/15/2024 11:32:37 PAGE 1   


C51 COMPILER V9.60.7.0, COMPILATION OF MODULE PASS_WD
OBJECT MODULE PLACED IN .\Objects\pass_wd.obj
COMPILER INVOKED BY: C:\Keil5\Core\C51\BIN\C51.EXE pass_wd.c OPTIMIZE(8,SPEED) BROWSE DEBUG OBJECTEXTEND PRINT(.\Listing
                    -s\pass_wd.lst) TABS(2) OBJECT(.\Objects\pass_wd.obj)

line level    source

   1          #include "pass_wd.h"
   2          #include "run_lcd.h"
   3          #include "delay.h"
   4          
   5          unsigned char xdata words[][17] = {
   6            "Password Set:   ", 
   7            "Old Password:   ", 
   8            "New Password:   ", 
   9            "Password Setted!",
  10            "Input Password: ", 
  11            "Correct!", 
  12            "Wrong.  ",
  13            "        ",
  14            "Change Password:"
  15          };
  16          
  17          void pass_wd_to_str (unsigned long pass_wd, unsigned char * str)
  18          {
  19   1        unsigned char cot;
  20   1        
  21   1        for (cot = 1; cot <= PASS_WD_LEN; cot ++)
  22   1        {
  23   2          str[PASS_WD_LEN - cot] = pass_wd % 10 + 48;
  24   2          pass_wd /= 10;
  25   2        }
  26   1      }
  27          
  28          void input_pass_wd (unsigned long * pass_wd, unsigned char input)
  29          {
  30   1        (*pass_wd < 100000) ? (*pass_wd = *pass_wd * 10 + input) : (0);
  31   1      }
  32          
  33          void del_pass_wd (unsigned long * pass_wd)
  34          {
  35   1        *pass_wd /= 10;
  36   1      }
  37          
  38          unsigned char compare_pass_wd (unsigned long * pass_wd_inp, unsigned long pass_wd)
  39          {
  40   1        unsigned char r_w = 0;
  41   1        
  42   1        (*pass_wd_inp == pass_wd) ?
  43   1        (lcd_string (words[5], 1, 7), r_w = 1) :
  44   1        (lcd_string (words[6], 1, 7));
  45   1        delay_x_ms (1500);
  46   1        *pass_wd_inp = 0;
  47   1        lcd_string (words[7], 1, 7);
  48   1        
  49   1        return r_w;
  50   1      }


MODULE INFORMATION:   STATIC OVERLAYABLE
   CODE SIZE        =    303    ----
C51 COMPILER V9.60.7.0   PASS_WD                                                           07/15/2024 11:32:37 PAGE 2   

   CONSTANT SIZE    =   ----    ----
   XDATA SIZE       =    153    ----
   PDATA SIZE       =   ----    ----
   DATA SIZE        =   ----      20
   IDATA SIZE       =   ----    ----
   BIT SIZE         =   ----    ----
END OF MODULE INFORMATION.


C51 COMPILATION COMPLETE.  0 WARNING(S),  0 ERROR(S)
