C51 COMPILER V9.60.7.0   RUN_LCD                                                           07/11/2024 17:31:18 PAGE 1   


C51 COMPILER V9.60.7.0, COMPILATION OF MODULE RUN_LCD
OBJECT MODULE PLACED IN .\Objects\run_lcd.obj
COMPILER INVOKED BY: C:\Keil5\Core\C51\BIN\C51.EXE run_lcd.c OPTIMIZE(8,SPEED) BROWSE DEBUG OBJECTEXTEND PRINT(.\Listing
                    -s\run_lcd.lst) TABS(2) OBJECT(.\Objects\run_lcd.obj)

line level    source

   1          #include <REGX52.h>
   2          #include "run_lcd.h"
   3          #include "delay.h"
   4          #include "useful.h"
   5          
   6          #define RS P2_6
   7          #define RW P2_5
   8          #define E  P2_7
   9          #define DATA P0
  10          
  11          void lcd_cmd (unsigned char cmd)
  12          {
  13   1        RS = 0;
  14   1        RW = 0;
  15   1        DATA = cmd;
  16   1        E = 1;
  17   1        delay_x_ms (1);
  18   1        E = 0;
  19   1      }
  20          
  21          void lcd_data (unsigned char dat)
  22          {
  23   1          RS = 1;
  24   1          RW = 0;
  25   1          DATA = dat;
  26   1          E = 1;
  27   1          delay_x_ms (1);
  28   1          E = 0;
  29   1      }
  30          
  31          void lcd_init (void)
  32          {
  33   1        lcd_cmd(0x38);
  34   1        lcd_cmd(0x0C); 
  35   1        lcd_cmd(0x06); 
  36   1        lcd_cmd(0x01); 
  37   1        
  38   1        delay_x_ms (2);
  39   1      }
  40          
  41          void lcd_set_cursor (unsigned char row, unsigned char col)
  42          {
  43   1        unsigned char pos = col;
  44   1        
  45   1        (row) ? (pos += 0x40) : (1);
  46   1        
  47   1        lcd_cmd(0x80 | pos);
  48   1      }
  49          
  50          void lcd_string (char * str, unsigned char row, unsigned char col)
  51          {
  52   1        lcd_set_cursor (row, col);
  53   1        
  54   1        while (*str)
C51 COMPILER V9.60.7.0   RUN_LCD                                                           07/11/2024 17:31:18 PAGE 2   

  55   1        {
  56   2         lcd_data(*str++);
  57   2        }
  58   1      }
  59          
  60          void lcd_num (long int num, unsigned char row, unsigned char col)
  61          {
  62   1        unsigned char str[17];
  63   1        
  64   1        num_to_str (num, str);
  65   1        lcd_string (str, row, col);
  66   1      }


MODULE INFORMATION:   STATIC OVERLAYABLE
   CODE SIZE        =    144    ----
   CONSTANT SIZE    =   ----    ----
   XDATA SIZE       =   ----    ----
   PDATA SIZE       =   ----    ----
   DATA SIZE        =   ----      28
   IDATA SIZE       =   ----    ----
   BIT SIZE         =   ----    ----
END OF MODULE INFORMATION.


C51 COMPILATION COMPLETE.  0 WARNING(S),  0 ERROR(S)
